:: loading settings :: url = jar:file:/spark/jars/ivy-2.5.0.jar!/org/apache/ivy/core/settings/ivysettings.xml
26/09/09 22:23:29 WARN NativeCodeLoader: Unable to load native-hadoop library for your platform... using builtin-java classes where applicable
26/09/09 22:23:32 INFO SparkContext: Running Spark version 3.3.0
26/09/09 22:23:32 INFO ResourceUtils: ==============================================================
26/09/09 22:23:32 INFO ResourceUtils: No custom resources configured for spark.driver.
26/09/09 22:23:32 INFO ResourceUtils: ==============================================================
26/09/09 22:23:32 INFO SparkContext: Submitted application: AIS-MultiSink-Streaming
26/09/09 22:23:32 INFO ResourceProfile: Default ResourceProfile created, executor resources: Map(cores -> name: cores, amount: 1, script: , vendor: , memory -> name: memory, amount: 2048, script: , vendor: , offHeap -> name: offHeap, amount: 0, script: , vendor: ), task resources: Map(cpus -> name: cpus, amount: 1.0)
26/09/09 22:23:32 INFO ResourceProfile: Limiting resource is cpu
26/09/09 22:23:32 INFO ResourceProfileManager: Added ResourceProfile id: 0
26/09/09 22:23:33 INFO SecurityManager: Changing view acls to: root
26/09/09 22:23:33 INFO SecurityManager: Changing modify acls to: root
26/09/09 22:23:33 INFO SecurityManager: Changing view acls groups to: 
26/09/09 22:23:33 INFO SecurityManager: Changing modify acls groups to: 
26/09/09 22:23:33 INFO SecurityManager: SecurityManager: authentication disabled; ui acls disabled; users  with view permissions: Set(root); groups with view permissions: Set(); users  with modify permissions: Set(root); groups with modify permissions: Set()
26/09/09 22:23:34 INFO Utils: Successfully started service 'sparkDriver' on port 43021.
26/09/09 22:23:34 INFO SparkEnv: Registering MapOutputTracker
26/09/09 22:23:34 INFO SparkEnv: Registering BlockManagerMaster
26/09/09 22:23:34 INFO BlockManagerMasterEndpoint: Using org.apache.spark.storage.DefaultTopologyMapper for getting topology information
26/09/09 22:23:34 INFO BlockManagerMasterEndpoint: BlockManagerMasterEndpoint up
26/09/09 22:23:34 INFO SparkEnv: Registering BlockManagerMasterHeartbeat
26/09/09 22:23:34 INFO DiskBlockManager: Created local directory at /tmp/blockmgr-f646ba98-c53e-4e01-b7b6-006a7d5d941e
26/09/09 22:23:34 INFO MemoryStore: MemoryStore started with capacity 366.3 MiB
26/09/09 22:23:34 INFO SparkEnv: Registering OutputCommitCoordinator
26/09/09 22:23:35 WARN Utils: Service 'SparkUI' could not bind on port 4040. Attempting port 4041.
26/09/09 22:23:35 INFO Utils: Successfully started service 'SparkUI' on port 4041.
26/09/09 22:23:35 INFO SparkContext: Added JAR file:///root/.ivy2/jars/org.apache.spark_spark-sql-kafka-0-10_2.12-3.3.0.jar at spark://spark-master:43021/jars/org.apache.spark_spark-sql-kafka-0-10_2.12-3.3.0.jar with timestamp 1788992612594
26/09/09 22:23:35 INFO SparkContext: Added JAR file:///root/.ivy2/jars/org.postgresql_postgresql-42.6.0.jar at spark://spark-master:43021/jars/org.postgresql_postgresql-42.6.0.jar with timestamp 1788992612594
26/09/09 22:23:35 INFO SparkContext: Added JAR file:///root/.ivy2/jars/org.apache.spark_spark-token-provider-kafka-0-10_2.12-3.3.0.jar at spark://spark-master:43021/jars/org.apache.spark_spark-token-provider-kafka-0-10_2.12-3.3.0.jar with timestamp 1788992612594
26/09/09 22:23:35 INFO SparkContext: Added JAR file:///root/.ivy2/jars/org.apache.kafka_kafka-clients-2.8.1.jar at spark://spark-master:43021/jars/org.apache.kafka_kafka-clients-2.8.1.jar with timestamp 1788992612594
26/09/09 22:23:35 INFO SparkContext: Added JAR file:///root/.ivy2/jars/com.google.code.findbugs_jsr305-3.0.0.jar at spark://spark-master:43021/jars/com.google.code.findbugs_jsr305-3.0.0.jar with timestamp 1788992612594
26/09/09 22:23:35 INFO SparkContext: Added JAR file:///root/.ivy2/jars/org.apache.commons_commons-pool2-2.11.1.jar at spark://spark-master:43021/jars/org.apache.commons_commons-pool2-2.11.1.jar with timestamp 1788992612594
26/09/09 22:23:35 INFO SparkContext: Added JAR file:///root/.ivy2/jars/org.spark-project.spark_unused-1.0.0.jar at spark://spark-master:43021/jars/org.spark-project.spark_unused-1.0.0.jar with timestamp 1788992612594
26/09/09 22:23:35 INFO SparkContext: Added JAR file:///root/.ivy2/jars/org.apache.hadoop_hadoop-client-runtime-3.3.2.jar at spark://spark-master:43021/jars/org.apache.hadoop_hadoop-client-runtime-3.3.2.jar with timestamp 1788992612594
26/09/09 22:23:35 INFO SparkContext: Added JAR file:///root/.ivy2/jars/org.lz4_lz4-java-1.8.0.jar at spark://spark-master:43021/jars/org.lz4_lz4-java-1.8.0.jar with timestamp 1788992612594
26/09/09 22:23:35 INFO SparkContext: Added JAR file:///root/.ivy2/jars/org.xerial.snappy_snappy-java-1.1.8.4.jar at spark://spark-master:43021/jars/org.xerial.snappy_snappy-java-1.1.8.4.jar with timestamp 1788992612594
26/09/09 22:23:35 INFO SparkContext: Added JAR file:///root/.ivy2/jars/org.slf4j_slf4j-api-1.7.32.jar at spark://spark-master:43021/jars/org.slf4j_slf4j-api-1.7.32.jar with timestamp 1788992612594
26/09/09 22:23:35 INFO SparkContext: Added JAR file:///root/.ivy2/jars/org.apache.hadoop_hadoop-client-api-3.3.2.jar at spark://spark-master:43021/jars/org.apache.hadoop_hadoop-client-api-3.3.2.jar with timestamp 1788992612594
26/09/09 22:23:35 INFO SparkContext: Added JAR file:///root/.ivy2/jars/commons-logging_commons-logging-1.1.3.jar at spark://spark-master:43021/jars/commons-logging_commons-logging-1.1.3.jar with timestamp 1788992612594
26/09/09 22:23:35 INFO SparkContext: Added JAR file:///root/.ivy2/jars/org.checkerframework_checker-qual-3.31.0.jar at spark://spark-master:43021/jars/org.checkerframework_checker-qual-3.31.0.jar with timestamp 1788992612594
26/09/09 22:23:35 INFO SparkContext: Added file file:///root/.ivy2/jars/org.apache.spark_spark-sql-kafka-0-10_2.12-3.3.0.jar at spark://spark-master:43021/files/org.apache.spark_spark-sql-kafka-0-10_2.12-3.3.0.jar with timestamp 1788992612594
26/09/09 22:23:35 INFO Utils: Copying /root/.ivy2/jars/org.apache.spark_spark-sql-kafka-0-10_2.12-3.3.0.jar to /tmp/spark-c724732f-e78e-486a-a2e0-d4db2b5352a2/userFiles-61edb4da-900b-45ba-ac5f-f270bf942733/org.apache.spark_spark-sql-kafka-0-10_2.12-3.3.0.jar
26/09/09 22:23:35 INFO SparkContext: Added file file:///root/.ivy2/jars/org.postgresql_postgresql-42.6.0.jar at spark://spark-master:43021/files/org.postgresql_postgresql-42.6.0.jar with timestamp 1788992612594
26/09/09 22:23:35 INFO Utils: Copying /root/.ivy2/jars/org.postgresql_postgresql-42.6.0.jar to /tmp/spark-c724732f-e78e-486a-a2e0-d4db2b5352a2/userFiles-61edb4da-900b-45ba-ac5f-f270bf942733/org.postgresql_postgresql-42.6.0.jar
26/09/09 22:23:35 INFO SparkContext: Added file file:///root/.ivy2/jars/org.apache.spark_spark-token-provider-kafka-0-10_2.12-3.3.0.jar at spark://spark-master:43021/files/org.apache.spark_spark-token-provider-kafka-0-10_2.12-3.3.0.jar with timestamp 1788992612594
26/09/09 22:23:35 INFO Utils: Copying /root/.ivy2/jars/org.apache.spark_spark-token-provider-kafka-0-10_2.12-3.3.0.jar to /tmp/spark-c724732f-e78e-486a-a2e0-d4db2b5352a2/userFiles-61edb4da-900b-45ba-ac5f-f270bf942733/org.apache.spark_spark-token-provider-kafka-0-10_2.12-3.3.0.jar
26/09/09 22:23:35 INFO SparkContext: Added file file:///root/.ivy2/jars/org.apache.kafka_kafka-clients-2.8.1.jar at spark://spark-master:43021/files/org.apache.kafka_kafka-clients-2.8.1.jar with timestamp 1788992612594
26/09/09 22:23:35 INFO Utils: Copying /root/.ivy2/jars/org.apache.kafka_kafka-clients-2.8.1.jar to /tmp/spark-c724732f-e78e-486a-a2e0-d4db2b5352a2/userFiles-61edb4da-900b-45ba-ac5f-f270bf942733/org.apache.kafka_kafka-clients-2.8.1.jar
26/09/09 22:23:35 INFO SparkContext: Added file file:///root/.ivy2/jars/com.google.code.findbugs_jsr305-3.0.0.jar at spark://spark-master:43021/files/com.google.code.findbugs_jsr305-3.0.0.jar with timestamp 1788992612594
26/09/09 22:23:35 INFO Utils: Copying /root/.ivy2/jars/com.google.code.findbugs_jsr305-3.0.0.jar to /tmp/spark-c724732f-e78e-486a-a2e0-d4db2b5352a2/userFiles-61edb4da-900b-45ba-ac5f-f270bf942733/com.google.code.findbugs_jsr305-3.0.0.jar
26/09/09 22:23:35 INFO SparkContext: Added file file:///root/.ivy2/jars/org.apache.commons_commons-pool2-2.11.1.jar at spark://spark-master:43021/files/org.apache.commons_commons-pool2-2.11.1.jar with timestamp 1788992612594
26/09/09 22:23:35 INFO Utils: Copying /root/.ivy2/jars/org.apache.commons_commons-pool2-2.11.1.jar to /tmp/spark-c724732f-e78e-486a-a2e0-d4db2b5352a2/userFiles-61edb4da-900b-45ba-ac5f-f270bf942733/org.apache.commons_commons-pool2-2.11.1.jar
26/09/09 22:23:35 INFO SparkContext: Added file file:///root/.ivy2/jars/org.spark-project.spark_unused-1.0.0.jar at spark://spark-master:43021/files/org.spark-project.spark_unused-1.0.0.jar with timestamp 1788992612594
26/09/09 22:23:35 INFO Utils: Copying /root/.ivy2/jars/org.spark-project.spark_unused-1.0.0.jar to /tmp/spark-c724732f-e78e-486a-a2e0-d4db2b5352a2/userFiles-61edb4da-900b-45ba-ac5f-f270bf942733/org.spark-project.spark_unused-1.0.0.jar
26/09/09 22:23:35 INFO SparkContext: Added file file:///root/.ivy2/jars/org.apache.hadoop_hadoop-client-runtime-3.3.2.jar at spark://spark-master:43021/files/org.apache.hadoop_hadoop-client-runtime-3.3.2.jar with timestamp 1788992612594
26/09/09 22:23:35 INFO Utils: Copying /root/.ivy2/jars/org.apache.hadoop_hadoop-client-runtime-3.3.2.jar to /tmp/spark-c724732f-e78e-486a-a2e0-d4db2b5352a2/userFiles-61edb4da-900b-45ba-ac5f-f270bf942733/org.apache.hadoop_hadoop-client-runtime-3.3.2.jar
26/09/09 22:23:35 INFO SparkContext: Added file file:///root/.ivy2/jars/org.lz4_lz4-java-1.8.0.jar at spark://spark-master:43021/files/org.lz4_lz4-java-1.8.0.jar with timestamp 1788992612594
26/09/09 22:23:35 INFO Utils: Copying /root/.ivy2/jars/org.lz4_lz4-java-1.8.0.jar to /tmp/spark-c724732f-e78e-486a-a2e0-d4db2b5352a2/userFiles-61edb4da-900b-45ba-ac5f-f270bf942733/org.lz4_lz4-java-1.8.0.jar
26/09/09 22:23:35 INFO SparkContext: Added file file:///root/.ivy2/jars/org.xerial.snappy_snappy-java-1.1.8.4.jar at spark://spark-master:43021/files/org.xerial.snappy_snappy-java-1.1.8.4.jar with timestamp 1788992612594
26/09/09 22:23:35 INFO Utils: Copying /root/.ivy2/jars/org.xerial.snappy_snappy-java-1.1.8.4.jar to /tmp/spark-c724732f-e78e-486a-a2e0-d4db2b5352a2/userFiles-61edb4da-900b-45ba-ac5f-f270bf942733/org.xerial.snappy_snappy-java-1.1.8.4.jar
26/09/09 22:23:35 INFO SparkContext: Added file file:///root/.ivy2/jars/org.slf4j_slf4j-api-1.7.32.jar at spark://spark-master:43021/files/org.slf4j_slf4j-api-1.7.32.jar with timestamp 1788992612594
26/09/09 22:23:35 INFO Utils: Copying /root/.ivy2/jars/org.slf4j_slf4j-api-1.7.32.jar to /tmp/spark-c724732f-e78e-486a-a2e0-d4db2b5352a2/userFiles-61edb4da-900b-45ba-ac5f-f270bf942733/org.slf4j_slf4j-api-1.7.32.jar
26/09/09 22:23:35 INFO SparkContext: Added file file:///root/.ivy2/jars/org.apache.hadoop_hadoop-client-api-3.3.2.jar at spark://spark-master:43021/files/org.apache.hadoop_hadoop-client-api-3.3.2.jar with timestamp 1788992612594
26/09/09 22:23:35 INFO Utils: Copying /root/.ivy2/jars/org.apache.hadoop_hadoop-client-api-3.3.2.jar to /tmp/spark-c724732f-e78e-486a-a2e0-d4db2b5352a2/userFiles-61edb4da-900b-45ba-ac5f-f270bf942733/org.apache.hadoop_hadoop-client-api-3.3.2.jar
26/09/09 22:23:35 INFO SparkContext: Added file file:///root/.ivy2/jars/commons-logging_commons-logging-1.1.3.jar at spark://spark-master:43021/files/commons-logging_commons-logging-1.1.3.jar with timestamp 1788992612594
26/09/09 22:23:35 INFO Utils: Copying /root/.ivy2/jars/commons-logging_commons-logging-1.1.3.jar to /tmp/spark-c724732f-e78e-486a-a2e0-d4db2b5352a2/userFiles-61edb4da-900b-45ba-ac5f-f270bf942733/commons-logging_commons-logging-1.1.3.jar
26/09/09 22:23:35 INFO SparkContext: Added file file:///root/.ivy2/jars/org.checkerframework_checker-qual-3.31.0.jar at spark://spark-master:43021/files/org.checkerframework_checker-qual-3.31.0.jar with timestamp 1788992612594
26/09/09 22:23:35 INFO Utils: Copying /root/.ivy2/jars/org.checkerframework_checker-qual-3.31.0.jar to /tmp/spark-c724732f-e78e-486a-a2e0-d4db2b5352a2/userFiles-61edb4da-900b-45ba-ac5f-f270bf942733/org.checkerframework_checker-qual-3.31.0.jar
26/09/09 22:23:36 INFO StandaloneAppClient$ClientEndpoint: Connecting to master spark://spark-master:7077...
26/09/09 22:23:36 INFO TransportClientFactory: Successfully created connection to spark-master/172.18.0.3:7077 after 73 ms (0 ms spent in bootstraps)
26/09/09 22:23:37 INFO StandaloneSchedulerBackend: Connected to Spark cluster with app ID app-20260909222337-0002
26/09/09 22:23:37 INFO Utils: Successfully started service 'org.apache.spark.network.netty.NettyBlockTransferService' on port 37209.
26/09/09 22:23:37 INFO NettyBlockTransferService: Server created on spark-master:37209
26/09/09 22:23:37 INFO BlockManager: Using org.apache.spark.storage.RandomBlockReplicationPolicy for block replication policy
26/09/09 22:23:37 INFO BlockManagerMaster: Registering BlockManager BlockManagerId(driver, spark-master, 37209, None)
26/09/09 22:23:37 INFO BlockManagerMasterEndpoint: Registering block manager spark-master:37209 with 366.3 MiB RAM, BlockManagerId(driver, spark-master, 37209, None)
26/09/09 22:23:37 INFO BlockManagerMaster: Registered BlockManager BlockManagerId(driver, spark-master, 37209, None)
26/09/09 22:23:37 INFO BlockManager: Initialized BlockManager: BlockManagerId(driver, spark-master, 37209, None)
26/09/09 22:23:38 INFO StandaloneSchedulerBackend: SchedulerBackend is ready for scheduling beginning after reached minRegisteredResourcesRatio: 0.0
======================================================================
AIS STRUCTURED STREAMING -- THREE-SINK FAN-OUT
======================================================================
Run mode             : live
Kafka broker         : kafka:9092
Source topic         : raw_ais_positions
Speed alert topic    : vessel_speed_alerts
PostGIS              : postgis:5432/maritime
Archive path         : hdfs://namenode:9000/raw/ais_historical
Rejected path        : hdfs://namenode:9000/rejected/ais_streaming
Checkpoint root      : hdfs://namenode:9000/checkpoints/ais_streaming_v2
Speed threshold      : 20.0 knots
maxOffsetsPerTrigger : 500000
maxRecordsPerFile    : 1000000
Delta available      : False
Trigger              : processingTime every 2s
======================================================================
2026-09-09T22:23:56  INFO      py4j.java_gateway  Callback Server Starting
2026-09-09T22:23:56  INFO      py4j.java_gateway  Socket listening on ('127.0.0.1', 34717)
26/09/09 22:23:58 WARN ResolveWriteToStream: spark.sql.adaptive.enabled is not supported in streaming DataFrames/Datasets and will be disabled.
26/09/09 22:23:59 WARN ResolveWriteToStream: spark.sql.adaptive.enabled is not supported in streaming DataFrames/Datasets and will be disabled.
26/09/09 22:23:59 WARN ResolveWriteToStream: spark.sql.adaptive.enabled is not supported in streaming DataFrames/Datasets and will be disabled.
26/09/09 22:23:59 WARN ResolveWriteToStream: spark.sql.adaptive.enabled is not supported in streaming DataFrames/Datasets and will be disabled.
26/09/09 22:23:59 WARN ResolveWriteToStream: spark.sql.adaptive.enabled is not supported in streaming DataFrames/Datasets and will be disabled.

All streaming queries started. Waiting for termination...
Live mode -- runs until manually stopped (trigger every 2s).
26/09/09 22:24:03 WARN package: Truncated the string representation of a plan since it was too large. This behavior can be adjusted by setting 'spark.sql.debug.maxToStringFields'.
2026-09-09T22:24:03  INFO      py4j.clientserver  Python Server ready to receive messages
2026-09-09T22:24:03  INFO      py4j.clientserver  Received command c on object id p4
2026-09-09T22:24:03  INFO      py4j.clientserver  Python Server ready to receive messages
2026-09-09T22:24:03  INFO      py4j.clientserver  Received command c on object id p3
2026-09-09T22:24:05  INFO      py4j.clientserver  Python Server ready to receive messages
2026-09-09T22:24:05  INFO      py4j.clientserver  Received command c on object id p2
2026-09-09T22:24:05  INFO      py4j.clientserver  Python Server ready to receive messages
2026-09-09T22:24:05  INFO      py4j.clientserver  Received command c on object id p0
2026-09-09T22:24:05  INFO      py4j.clientserver  Python Server ready to receive messages
2026-09-09T22:24:05  INFO      py4j.clientserver  Received command c on object id p1
